<?xml version="1.0" encoding="UTF-8"?>
<TestRun id="78d349c4-ef69-4ff6-9ffc-2104eeb3d496" name="LCao6@LCAO6-1 2008-11-25 13:57:45" runUser="LCAO6-1\LCao6" xmlns="http://microsoft.com/schemas/VisualStudio/TeamTest/2006">
  <TestRunConfiguration name="Local Test Run" id="4710835c-9ea8-42ba-a19b-7000b8d10914">
    <Description>This is a default test run configuration for a local test run.</Description>
    <Deployment userDeploymentRoot="C:\HPF.FutureState\TestResults" useDefaultDeploymentRoot="false" runDeploymentRoot="C:\HPF.FutureState\TestResults\LCao6_LCAO6-1 2008-11-25 13_57_45">
      <DeploymentItem filename="C:\HPF.FutureState\HPF.FutureState.DataAccess\bin\Debug\HPF.FutureState.DataAccess.dll" />
      <DeploymentItem filename="C:\HPF.FutureState\HPF.FutureState.Common\bin\Debug\HPF.FutureState.Common.dll" />
    </Deployment>
    <TestTypeSpecific />
  </TestRunConfiguration>
  <ResultSummary outcome="Failed">
    <Counters total="1" executed="1" error="0" failed="1" timeout="0" aborted="0" inconclusive="0" passedButRunAborted="0" notRunnable="0" notExecuted="0" disconnected="0" warning="0" passed="0" completed="0" inProgress="0" pending="0" />
  </ResultSummary>
  <Times creation="2008-11-25T13:57:45.7187500-06:00" queuing="2008-11-25T13:57:46.2656250-06:00" start="2008-11-25T13:57:46.4843750-06:00" finish="2008-11-25T13:57:47.1406250-06:00" />
  <TestDefinitions>
    <UnitTest name="TestInsertCallLog" storage="c:\hpf.futurestate\hpf.futurestate.unittest\bin\debug\hpf.futurestate.unittest.dll" id="00543f59-c095-bc25-64f1-628f52cf71d6">
      <Css projectStructure="" iteration="" />
      <Owners>
        <Owner name="" />
      </Owners>
      <Execution id="4e5bf9ab-b835-4208-8f0a-0cad9ea169ea" />
      <TestMethod codeBase="C:\HPF.FutureState\HPF.FutureState.UnitTest\bin\Debug\HPF.FutureState.UnitTest.dll" adapterTypeName="Microsoft.VisualStudio.TestTools.TestTypes.Unit.UnitTestAdapter, Microsoft.VisualStudio.QualityTools.Tips.UnitTest.Adapter, Version=9.0.0.0, Culture=neutral, PublicKeyToken=b03f5f7f11d50a3a" className="HPF.FutureState.UnitTest.DataAccess.CallLogTest, HPF.FutureState.UnitTest" name="TestInsertCallLog" />
    </UnitTest>
  </TestDefinitions>
  <TestLists>
    <TestList name="Results Not in a List" id="8c84fa94-04c1-424b-9868-57a2d4851a1d" />
    <TestList name="All Loaded Results" id="19431567-8539-422a-85d7-44ee4e166bda" />
  </TestLists>
  <TestEntries>
    <TestEntry testId="00543f59-c095-bc25-64f1-628f52cf71d6" executionId="4e5bf9ab-b835-4208-8f0a-0cad9ea169ea" testListId="8c84fa94-04c1-424b-9868-57a2d4851a1d" />
  </TestEntries>
  <Results>
    <UnitTestResult executionId="4e5bf9ab-b835-4208-8f0a-0cad9ea169ea" testId="00543f59-c095-bc25-64f1-628f52cf71d6" testName="TestInsertCallLog" computerName="LCAO6-1" duration="00:00:00.0463159" startTime="2008-11-25T13:57:46.4843750-06:00" endTime="2008-11-25T13:57:47.1093750-06:00" testType="13cdc9d9-ddb5-4fa4-a97d-d965ccfc6d4b" outcome="Failed" testListId="8c84fa94-04c1-424b-9868-57a2d4851a1d">
      <Output>
        <ErrorInfo>
          <Message>Test method HPF.FutureState.UnitTest.DataAccess.CallLogTest.TestInsertCallLog threw exception:  System.Data.SqlTypes.SqlTypeException: SqlDateTime overflow. Must be between 1/1/1753 12:00:00 AM and 12/31/9999 11:59:59 PM..</Message>
          <StackTrace>    at System.Data.SqlTypes.SqlDateTime.FromTimeSpan(TimeSpan value)
   at System.Data.SqlTypes.SqlDateTime.FromDateTime(DateTime value)
   at System.Data.SqlTypes.SqlDateTime..ctor(DateTime value)
   at System.Data.SqlClient.MetaType.FromDateTime(DateTime dateTime, Byte cb)
   at System.Data.SqlClient.TdsParser.WriteValue(Object value, MetaType type, Byte scale, Int32 actualLength, Int32 encodingByteSize, Int32 offset, TdsParserStateObject stateObj)
   at System.Data.SqlClient.TdsParser.TdsExecuteRPC(_SqlRPC[] rpcArray, Int32 timeout, Boolean inSchema, SqlNotificationRequest notificationRequest, TdsParserStateObject stateObj, Boolean isCommandProc)
   at System.Data.SqlClient.SqlCommand.RunExecuteReaderTds(CommandBehavior cmdBehavior, RunBehavior runBehavior, Boolean returnStream, Boolean async)
   at System.Data.SqlClient.SqlCommand.RunExecuteReader(CommandBehavior cmdBehavior, RunBehavior runBehavior, Boolean returnStream, String method, DbAsyncResult result)
   at System.Data.SqlClient.SqlCommand.InternalExecuteNonQuery(DbAsyncResult result, String methodName, Boolean sendToPipe)
   at System.Data.SqlClient.SqlCommand.ExecuteNonQuery()
   at HPF.FutureState.DataAccess.CallLogDAO.InsertCallLog(CallLogDTO aCallLog) in C:\HPF.FutureState\HPF.FutureState.DataAccess\CallLogDAO.cs:line 88
   at HPF.FutureState.UnitTest.DataAccess.CallLogTest.InsertACallLog() in C:\HPF.FutureState\HPF.FutureState.UnitTest\DataAccess\CallLogTest.cs:line 86
   at HPF.FutureState.UnitTest.DataAccess.CallLogTest.TestInsertCallLog() in C:\HPF.FutureState\HPF.FutureState.UnitTest\DataAccess\CallLogTest.cs:line 73
</StackTrace>
        </ErrorInfo>
      </Output>
    </UnitTestResult>
  </Results>
</TestRun>